
Discarded input sections

 .eh_frame      0x0000000000000000       0x38 cat.o
 .eh_frame      0x0000000000000000       0x38 /var/folders/pr/dqyg2df11l5gpmmzgpnjwxtw0000gn/T//ccY9UMmj.o
 .eh_frame      0x0000000000000000       0x5c /var/folders/pr/dqyg2df11l5gpmmzgpnjwxtw0000gn/T//ccYo1rQG.o
 .eh_frame      0x0000000000000000       0x58 /var/folders/pr/dqyg2df11l5gpmmzgpnjwxtw0000gn/T//ccBFBQ75.o
 .eh_frame      0x0000000000000000       0x38 /var/folders/pr/dqyg2df11l5gpmmzgpnjwxtw0000gn/T//cc7ewepi.o
 .eh_frame      0x0000000000000000       0x38 /var/folders/pr/dqyg2df11l5gpmmzgpnjwxtw0000gn/T//cc0BbZWb.o
 .eh_frame      0x0000000000000000       0x98 /var/folders/pr/dqyg2df11l5gpmmzgpnjwxtw0000gn/T//ccgPSLrR.o
 .eh_frame      0x0000000000000000       0x38 /var/folders/pr/dqyg2df11l5gpmmzgpnjwxtw0000gn/T//ccJwWEbd.o
 .eh_frame      0x0000000000000000       0x38 /var/folders/pr/dqyg2df11l5gpmmzgpnjwxtw0000gn/T//ccdquKkU.o
 .eh_frame      0x0000000000000000       0x38 /var/folders/pr/dqyg2df11l5gpmmzgpnjwxtw0000gn/T//ccrGowO7.o
 .eh_frame      0x0000000000000000      0x264 /var/folders/pr/dqyg2df11l5gpmmzgpnjwxtw0000gn/T//cchcza7v.o

Memory Configuration

Name             Origin             Length             Attributes
*default*        0x0000000000000000 0xffffffffffffffff

Linker script and memory map

LOAD cat.o
LOAD api_link.o
LOAD alloca.o
LOAD bmp.o
LOAD /var/folders/pr/dqyg2df11l5gpmmzgpnjwxtw0000gn/T//ccY9UMmj.o
LOAD /var/folders/pr/dqyg2df11l5gpmmzgpnjwxtw0000gn/T//ccYo1rQG.o
LOAD /var/folders/pr/dqyg2df11l5gpmmzgpnjwxtw0000gn/T//ccBFBQ75.o
LOAD /var/folders/pr/dqyg2df11l5gpmmzgpnjwxtw0000gn/T//cc7ewepi.o
LOAD /var/folders/pr/dqyg2df11l5gpmmzgpnjwxtw0000gn/T//cc0BbZWb.o
LOAD /var/folders/pr/dqyg2df11l5gpmmzgpnjwxtw0000gn/T//ccgPSLrR.o
LOAD /var/folders/pr/dqyg2df11l5gpmmzgpnjwxtw0000gn/T//ccJwWEbd.o
LOAD /var/folders/pr/dqyg2df11l5gpmmzgpnjwxtw0000gn/T//ccdquKkU.o
LOAD /var/folders/pr/dqyg2df11l5gpmmzgpnjwxtw0000gn/T//ccrGowO7.o
LOAD /var/folders/pr/dqyg2df11l5gpmmzgpnjwxtw0000gn/T//cchcza7v.o

.head           0x0000000000000000       0x24
                0x0000000000000000        0x4 LONG 0x40000
                0x0000000000000004        0x4 LONG 0x69726148
                0x0000000000000008        0x4 LONG 0x0
                0x000000000000000c        0x4 LONG 0x5000
                0x0000000000000010        0x4 LONG 0x13 SIZEOF (.data)
                0x0000000000000014        0x4 LONG 0x25df LOADADDR (.data)
                0x0000000000000018        0x4 LONG 0xe9000000
                0x000000000000001c        0x4 LONG 0x10 (HariMain - 0x20)
                0x0000000000000020        0x4 LONG 0x6000

.text           0x0000000000000030     0x25af
 *(.text)
 .text          0x0000000000000030       0xb3 cat.o
                0x0000000000000030                HariMain
 *fill*         0x00000000000000e3        0xd 
 .text          0x00000000000000f0      0x21b api_link.o
                0x00000000000000f0                api_putchar
                0x00000000000000fc                api_putstr
                0x000000000000010a                api_end
                0x0000000000000112                api_gen_window
                0x0000000000000134                api_putstr_window
                0x000000000000015c                api_boxfill_window
                0x0000000000000184                api_init_memman
                0x00000000000001a5                api_malloc
                0x00000000000001ba                api_mfree
                0x00000000000001d3                api_point_window
                0x00000000000001f1                api_refresh_window
                0x0000000000000213                api_drawline_window
                0x000000000000023b                api_close_window
                0x0000000000000249                api_keyinput
                0x0000000000000255                api_alloc_timer
                0x000000000000025d                api_init_timer
                0x000000000000026f                api_set_timer
                0x0000000000000281                api_free_timer
                0x000000000000028f                api_beep
                0x000000000000029b                api_fopen
                0x00000000000002a9                api_fclose
                0x00000000000002b5                api_fseek
                0x00000000000002cb                api_fsize
                0x00000000000002db                api_fread
                0x00000000000002f1                api_get_command
                0x0000000000000303                api_check_langmode
 *fill*         0x000000000000030b        0x5 
 .text          0x0000000000000310        0x9 alloca.o
                0x0000000000000310                __alloca
 .text          0x0000000000000319      0x388 bmp.o
                0x0000000000000319                info_BMP
                0x00000000000003db                decode0_BMP
 .text          0x00000000000006a1       0xa2 /var/folders/pr/dqyg2df11l5gpmmzgpnjwxtw0000gn/T//ccY9UMmj.o
                0x00000000000006a1                sprintf
 .text          0x0000000000000743      0x13f /var/folders/pr/dqyg2df11l5gpmmzgpnjwxtw0000gn/T//ccYo1rQG.o
                0x0000000000000743                dec2asc
                0x00000000000007fb                hex2asc
 .text          0x0000000000000882       0x2a /var/folders/pr/dqyg2df11l5gpmmzgpnjwxtw0000gn/T//ccBFBQ75.o
                0x0000000000000882                min
                0x0000000000000897                max
 .text          0x00000000000008ac      0x10e /var/folders/pr/dqyg2df11l5gpmmzgpnjwxtw0000gn/T//cc7ewepi.o
                0x00000000000008ac                printf
 .text          0x00000000000009ba       0x1f /var/folders/pr/dqyg2df11l5gpmmzgpnjwxtw0000gn/T//cc0BbZWb.o
                0x00000000000009ba                putchar
 .text          0x00000000000009d9      0x249 /var/folders/pr/dqyg2df11l5gpmmzgpnjwxtw0000gn/T//ccgPSLrR.o
                0x00000000000009d9                strcmp
                0x0000000000000a75                strncmp
                0x0000000000000b15                strlen
                0x0000000000000b3b                strtol
 .text          0x0000000000000c22       0x31 /var/folders/pr/dqyg2df11l5gpmmzgpnjwxtw0000gn/T//ccJwWEbd.o
                0x0000000000000c22                malloc
 .text          0x0000000000000c53       0x33 /var/folders/pr/dqyg2df11l5gpmmzgpnjwxtw0000gn/T//ccdquKkU.o
                0x0000000000000c53                mfree
 .text          0x0000000000000c86        0xe /var/folders/pr/dqyg2df11l5gpmmzgpnjwxtw0000gn/T//ccrGowO7.o
                0x0000000000000c86                exit
 .text          0x0000000000000c94     0x194b /var/folders/pr/dqyg2df11l5gpmmzgpnjwxtw0000gn/T//cchcza7v.o
                0x0000000000000c94                info_JPEG
                0x0000000000000d22                decode0_JPEG
                0x0000000000000dad                get_bits
                0x0000000000000eb6                jpeg_sof
                0x00000000000010c8                jpeg_dqt
                0x000000000000127c                jpeg_dht
                0x0000000000001530                jpeg_init
                0x000000000000187d                jpeg_decode_init
                0x00000000000019af                jpeg_huff_decode
                0x0000000000001a8b                jpeg_idct_init
                0x0000000000001c97                jpeg_idct
                0x0000000000001d7c                jpeg_get_value
                0x0000000000001de5                jpeg_decode_huff
                0x0000000000001fb1                jpeg_mcu_bitblt
                0x0000000000002051                jpeg_decode_mcu
                0x000000000000218b                jpeg_decode_yuv
                0x00000000000023ec                jpeg_decode

.data           0x0000000000005000       0x13 load address 0x00000000000025df
 *(.data)
 .data          0x0000000000005000        0x0 cat.o
 .data          0x0000000000005000        0x0 /var/folders/pr/dqyg2df11l5gpmmzgpnjwxtw0000gn/T//ccY9UMmj.o
 .data          0x0000000000005000        0x0 /var/folders/pr/dqyg2df11l5gpmmzgpnjwxtw0000gn/T//ccYo1rQG.o
 .data          0x0000000000005000        0x0 /var/folders/pr/dqyg2df11l5gpmmzgpnjwxtw0000gn/T//ccBFBQ75.o
 .data          0x0000000000005000        0x0 /var/folders/pr/dqyg2df11l5gpmmzgpnjwxtw0000gn/T//cc7ewepi.o
 .data          0x0000000000005000        0x0 /var/folders/pr/dqyg2df11l5gpmmzgpnjwxtw0000gn/T//cc0BbZWb.o
 .data          0x0000000000005000        0x0 /var/folders/pr/dqyg2df11l5gpmmzgpnjwxtw0000gn/T//ccgPSLrR.o
 .data          0x0000000000005000        0x0 /var/folders/pr/dqyg2df11l5gpmmzgpnjwxtw0000gn/T//ccJwWEbd.o
 .data          0x0000000000005000        0x0 /var/folders/pr/dqyg2df11l5gpmmzgpnjwxtw0000gn/T//ccdquKkU.o
 .data          0x0000000000005000        0x0 /var/folders/pr/dqyg2df11l5gpmmzgpnjwxtw0000gn/T//ccrGowO7.o
 .data          0x0000000000005000        0x0 /var/folders/pr/dqyg2df11l5gpmmzgpnjwxtw0000gn/T//cchcza7v.o
 *(.rodata*)
 .rodata        0x0000000000005000       0x13 cat.o
 *(.bss)
 .bss           0x0000000000005013        0x0 cat.o
 .bss           0x0000000000005013        0x0 /var/folders/pr/dqyg2df11l5gpmmzgpnjwxtw0000gn/T//ccY9UMmj.o
 .bss           0x0000000000005013        0x0 /var/folders/pr/dqyg2df11l5gpmmzgpnjwxtw0000gn/T//ccYo1rQG.o
 .bss           0x0000000000005013        0x0 /var/folders/pr/dqyg2df11l5gpmmzgpnjwxtw0000gn/T//ccBFBQ75.o
 .bss           0x0000000000005013        0x0 /var/folders/pr/dqyg2df11l5gpmmzgpnjwxtw0000gn/T//cc7ewepi.o
 .bss           0x0000000000005013        0x0 /var/folders/pr/dqyg2df11l5gpmmzgpnjwxtw0000gn/T//cc0BbZWb.o
 .bss           0x0000000000005013        0x0 /var/folders/pr/dqyg2df11l5gpmmzgpnjwxtw0000gn/T//ccgPSLrR.o
 .bss           0x0000000000005013        0x0 /var/folders/pr/dqyg2df11l5gpmmzgpnjwxtw0000gn/T//ccJwWEbd.o
 .bss           0x0000000000005013        0x0 /var/folders/pr/dqyg2df11l5gpmmzgpnjwxtw0000gn/T//ccdquKkU.o
 .bss           0x0000000000005013        0x0 /var/folders/pr/dqyg2df11l5gpmmzgpnjwxtw0000gn/T//ccrGowO7.o
 .bss           0x0000000000005013        0x0 /var/folders/pr/dqyg2df11l5gpmmzgpnjwxtw0000gn/T//cchcza7v.o

/DISCARD/
 *(.eh_frame)
OUTPUT(cat.hrb binary)

.comment        0x0000000000000000       0xc6
 .comment       0x0000000000000000       0x12 cat.o
 .comment       0x0000000000000012       0x12 /var/folders/pr/dqyg2df11l5gpmmzgpnjwxtw0000gn/T//ccY9UMmj.o
 .comment       0x0000000000000024       0x12 /var/folders/pr/dqyg2df11l5gpmmzgpnjwxtw0000gn/T//ccYo1rQG.o
 .comment       0x0000000000000036       0x12 /var/folders/pr/dqyg2df11l5gpmmzgpnjwxtw0000gn/T//ccBFBQ75.o
 .comment       0x0000000000000048       0x12 /var/folders/pr/dqyg2df11l5gpmmzgpnjwxtw0000gn/T//cc7ewepi.o
 .comment       0x000000000000005a       0x12 /var/folders/pr/dqyg2df11l5gpmmzgpnjwxtw0000gn/T//cc0BbZWb.o
 .comment       0x000000000000006c       0x12 /var/folders/pr/dqyg2df11l5gpmmzgpnjwxtw0000gn/T//ccgPSLrR.o
 .comment       0x000000000000007e       0x12 /var/folders/pr/dqyg2df11l5gpmmzgpnjwxtw0000gn/T//ccJwWEbd.o
 .comment       0x0000000000000090       0x12 /var/folders/pr/dqyg2df11l5gpmmzgpnjwxtw0000gn/T//ccdquKkU.o
 .comment       0x00000000000000a2       0x12 /var/folders/pr/dqyg2df11l5gpmmzgpnjwxtw0000gn/T//ccrGowO7.o
 .comment       0x00000000000000b4       0x12 /var/folders/pr/dqyg2df11l5gpmmzgpnjwxtw0000gn/T//cchcza7v.o
