
Discarded input sections

 .eh_frame      0x0000000000000000       0x38 primenum.o
 .eh_frame      0x0000000000000000       0x38 /var/folders/pr/dqyg2df11l5gpmmzgpnjwxtw0000gn/T//ccbOOq3m.o
 .eh_frame      0x0000000000000000       0x5c /var/folders/pr/dqyg2df11l5gpmmzgpnjwxtw0000gn/T//cceoLi3J.o
 .eh_frame      0x0000000000000000       0x58 /var/folders/pr/dqyg2df11l5gpmmzgpnjwxtw0000gn/T//cc9jWHWG.o
 .eh_frame      0x0000000000000000       0x38 /var/folders/pr/dqyg2df11l5gpmmzgpnjwxtw0000gn/T//ccGGZQL3.o
 .eh_frame      0x0000000000000000       0x38 /var/folders/pr/dqyg2df11l5gpmmzgpnjwxtw0000gn/T//ccv60MQh.o
 .eh_frame      0x0000000000000000       0x98 /var/folders/pr/dqyg2df11l5gpmmzgpnjwxtw0000gn/T//cckodaJ1.o
 .eh_frame      0x0000000000000000       0x38 /var/folders/pr/dqyg2df11l5gpmmzgpnjwxtw0000gn/T//cckdYfA6.o
 .eh_frame      0x0000000000000000       0x38 /var/folders/pr/dqyg2df11l5gpmmzgpnjwxtw0000gn/T//ccecr1yQ.o
 .eh_frame      0x0000000000000000       0x38 /var/folders/pr/dqyg2df11l5gpmmzgpnjwxtw0000gn/T//cc85RyLE.o
 .eh_frame      0x0000000000000000      0x264 /var/folders/pr/dqyg2df11l5gpmmzgpnjwxtw0000gn/T//ccFQYomC.o

Memory Configuration

Name             Origin             Length             Attributes
*default*        0x0000000000000000 0xffffffffffffffff

Linker script and memory map

LOAD primenum.o
LOAD api_link.o
LOAD alloca.o
LOAD bmp.o
LOAD /var/folders/pr/dqyg2df11l5gpmmzgpnjwxtw0000gn/T//ccbOOq3m.o
LOAD /var/folders/pr/dqyg2df11l5gpmmzgpnjwxtw0000gn/T//cceoLi3J.o
LOAD /var/folders/pr/dqyg2df11l5gpmmzgpnjwxtw0000gn/T//cc9jWHWG.o
LOAD /var/folders/pr/dqyg2df11l5gpmmzgpnjwxtw0000gn/T//ccGGZQL3.o
LOAD /var/folders/pr/dqyg2df11l5gpmmzgpnjwxtw0000gn/T//ccv60MQh.o
LOAD /var/folders/pr/dqyg2df11l5gpmmzgpnjwxtw0000gn/T//cckodaJ1.o
LOAD /var/folders/pr/dqyg2df11l5gpmmzgpnjwxtw0000gn/T//cckdYfA6.o
LOAD /var/folders/pr/dqyg2df11l5gpmmzgpnjwxtw0000gn/T//ccecr1yQ.o
LOAD /var/folders/pr/dqyg2df11l5gpmmzgpnjwxtw0000gn/T//cc85RyLE.o
LOAD /var/folders/pr/dqyg2df11l5gpmmzgpnjwxtw0000gn/T//ccFQYomC.o

.head           0x0000000000000000       0x24
                0x0000000000000000        0x4 LONG 0x40000
                0x0000000000000004        0x4 LONG 0x69726148
                0x0000000000000008        0x4 LONG 0x0
                0x000000000000000c        0x4 LONG 0x5000
                0x0000000000000010        0x4 LONG 0x4 SIZEOF (.data)
                0x0000000000000014        0x4 LONG 0x25bf LOADADDR (.data)
                0x0000000000000018        0x4 LONG 0xe9000000
                0x000000000000001c        0x4 LONG 0x10 (HariMain - 0x20)
                0x0000000000000020        0x4 LONG 0x6000

.text           0x0000000000000030     0x258f
 *(.text)
 .text          0x0000000000000030       0x9e primenum.o
                0x0000000000000030                HariMain
 *fill*         0x00000000000000ce        0x2 
 .text          0x00000000000000d0      0x21b api_link.o
                0x00000000000000d0                api_putchar
                0x00000000000000dc                api_putstr
                0x00000000000000ea                api_end
                0x00000000000000f2                api_gen_window
                0x0000000000000114                api_putstr_window
                0x000000000000013c                api_boxfill_window
                0x0000000000000164                api_init_memman
                0x0000000000000185                api_malloc
                0x000000000000019a                api_mfree
                0x00000000000001b3                api_point_window
                0x00000000000001d1                api_refresh_window
                0x00000000000001f3                api_drawline_window
                0x000000000000021b                api_close_window
                0x0000000000000229                api_keyinput
                0x0000000000000235                api_alloc_timer
                0x000000000000023d                api_init_timer
                0x000000000000024f                api_set_timer
                0x0000000000000261                api_free_timer
                0x000000000000026f                api_beep
                0x000000000000027b                api_fopen
                0x0000000000000289                api_fclose
                0x0000000000000295                api_fseek
                0x00000000000002ab                api_fsize
                0x00000000000002bb                api_fread
                0x00000000000002d1                api_get_command
                0x00000000000002e3                api_check_langmode
 *fill*         0x00000000000002eb        0x5 
 .text          0x00000000000002f0        0x9 alloca.o
                0x00000000000002f0                __alloca
 .text          0x00000000000002f9      0x388 bmp.o
                0x00000000000002f9                info_BMP
                0x00000000000003bb                decode0_BMP
 .text          0x0000000000000681       0xa2 /var/folders/pr/dqyg2df11l5gpmmzgpnjwxtw0000gn/T//ccbOOq3m.o
                0x0000000000000681                sprintf
 .text          0x0000000000000723      0x13f /var/folders/pr/dqyg2df11l5gpmmzgpnjwxtw0000gn/T//cceoLi3J.o
                0x0000000000000723                dec2asc
                0x00000000000007db                hex2asc
 .text          0x0000000000000862       0x2a /var/folders/pr/dqyg2df11l5gpmmzgpnjwxtw0000gn/T//cc9jWHWG.o
                0x0000000000000862                min
                0x0000000000000877                max
 .text          0x000000000000088c      0x10e /var/folders/pr/dqyg2df11l5gpmmzgpnjwxtw0000gn/T//ccGGZQL3.o
                0x000000000000088c                printf
 .text          0x000000000000099a       0x1f /var/folders/pr/dqyg2df11l5gpmmzgpnjwxtw0000gn/T//ccv60MQh.o
                0x000000000000099a                putchar
 .text          0x00000000000009b9      0x249 /var/folders/pr/dqyg2df11l5gpmmzgpnjwxtw0000gn/T//cckodaJ1.o
                0x00000000000009b9                strcmp
                0x0000000000000a55                strncmp
                0x0000000000000af5                strlen
                0x0000000000000b1b                strtol
 .text          0x0000000000000c02       0x31 /var/folders/pr/dqyg2df11l5gpmmzgpnjwxtw0000gn/T//cckdYfA6.o
                0x0000000000000c02                malloc
 .text          0x0000000000000c33       0x33 /var/folders/pr/dqyg2df11l5gpmmzgpnjwxtw0000gn/T//ccecr1yQ.o
                0x0000000000000c33                mfree
 .text          0x0000000000000c66        0xe /var/folders/pr/dqyg2df11l5gpmmzgpnjwxtw0000gn/T//cc85RyLE.o
                0x0000000000000c66                exit
 .text          0x0000000000000c74     0x194b /var/folders/pr/dqyg2df11l5gpmmzgpnjwxtw0000gn/T//ccFQYomC.o
                0x0000000000000c74                info_JPEG
                0x0000000000000d02                decode0_JPEG
                0x0000000000000d8d                get_bits
                0x0000000000000e96                jpeg_sof
                0x00000000000010a8                jpeg_dqt
                0x000000000000125c                jpeg_dht
                0x0000000000001510                jpeg_init
                0x000000000000185d                jpeg_decode_init
                0x000000000000198f                jpeg_huff_decode
                0x0000000000001a6b                jpeg_idct_init
                0x0000000000001c77                jpeg_idct
                0x0000000000001d5c                jpeg_get_value
                0x0000000000001dc5                jpeg_decode_huff
                0x0000000000001f91                jpeg_mcu_bitblt
                0x0000000000002031                jpeg_decode_mcu
                0x000000000000216b                jpeg_decode_yuv
                0x00000000000023cc                jpeg_decode

.data           0x0000000000005000        0x4 load address 0x00000000000025bf
 *(.data)
 .data          0x0000000000005000        0x0 primenum.o
 .data          0x0000000000005000        0x0 /var/folders/pr/dqyg2df11l5gpmmzgpnjwxtw0000gn/T//ccbOOq3m.o
 .data          0x0000000000005000        0x0 /var/folders/pr/dqyg2df11l5gpmmzgpnjwxtw0000gn/T//cceoLi3J.o
 .data          0x0000000000005000        0x0 /var/folders/pr/dqyg2df11l5gpmmzgpnjwxtw0000gn/T//cc9jWHWG.o
 .data          0x0000000000005000        0x0 /var/folders/pr/dqyg2df11l5gpmmzgpnjwxtw0000gn/T//ccGGZQL3.o
 .data          0x0000000000005000        0x0 /var/folders/pr/dqyg2df11l5gpmmzgpnjwxtw0000gn/T//ccv60MQh.o
 .data          0x0000000000005000        0x0 /var/folders/pr/dqyg2df11l5gpmmzgpnjwxtw0000gn/T//cckodaJ1.o
 .data          0x0000000000005000        0x0 /var/folders/pr/dqyg2df11l5gpmmzgpnjwxtw0000gn/T//cckdYfA6.o
 .data          0x0000000000005000        0x0 /var/folders/pr/dqyg2df11l5gpmmzgpnjwxtw0000gn/T//ccecr1yQ.o
 .data          0x0000000000005000        0x0 /var/folders/pr/dqyg2df11l5gpmmzgpnjwxtw0000gn/T//cc85RyLE.o
 .data          0x0000000000005000        0x0 /var/folders/pr/dqyg2df11l5gpmmzgpnjwxtw0000gn/T//ccFQYomC.o
 *(.rodata*)
 .rodata        0x0000000000005000        0x4 primenum.o
 *(.bss)
 .bss           0x0000000000005004        0x0 primenum.o
 .bss           0x0000000000005004        0x0 /var/folders/pr/dqyg2df11l5gpmmzgpnjwxtw0000gn/T//ccbOOq3m.o
 .bss           0x0000000000005004        0x0 /var/folders/pr/dqyg2df11l5gpmmzgpnjwxtw0000gn/T//cceoLi3J.o
 .bss           0x0000000000005004        0x0 /var/folders/pr/dqyg2df11l5gpmmzgpnjwxtw0000gn/T//cc9jWHWG.o
 .bss           0x0000000000005004        0x0 /var/folders/pr/dqyg2df11l5gpmmzgpnjwxtw0000gn/T//ccGGZQL3.o
 .bss           0x0000000000005004        0x0 /var/folders/pr/dqyg2df11l5gpmmzgpnjwxtw0000gn/T//ccv60MQh.o
 .bss           0x0000000000005004        0x0 /var/folders/pr/dqyg2df11l5gpmmzgpnjwxtw0000gn/T//cckodaJ1.o
 .bss           0x0000000000005004        0x0 /var/folders/pr/dqyg2df11l5gpmmzgpnjwxtw0000gn/T//cckdYfA6.o
 .bss           0x0000000000005004        0x0 /var/folders/pr/dqyg2df11l5gpmmzgpnjwxtw0000gn/T//ccecr1yQ.o
 .bss           0x0000000000005004        0x0 /var/folders/pr/dqyg2df11l5gpmmzgpnjwxtw0000gn/T//cc85RyLE.o
 .bss           0x0000000000005004        0x0 /var/folders/pr/dqyg2df11l5gpmmzgpnjwxtw0000gn/T//ccFQYomC.o

/DISCARD/
 *(.eh_frame)
OUTPUT(primenum.hrb binary)

.comment        0x0000000000000000       0xc6
 .comment       0x0000000000000000       0x12 primenum.o
 .comment       0x0000000000000012       0x12 /var/folders/pr/dqyg2df11l5gpmmzgpnjwxtw0000gn/T//ccbOOq3m.o
 .comment       0x0000000000000024       0x12 /var/folders/pr/dqyg2df11l5gpmmzgpnjwxtw0000gn/T//cceoLi3J.o
 .comment       0x0000000000000036       0x12 /var/folders/pr/dqyg2df11l5gpmmzgpnjwxtw0000gn/T//cc9jWHWG.o
 .comment       0x0000000000000048       0x12 /var/folders/pr/dqyg2df11l5gpmmzgpnjwxtw0000gn/T//ccGGZQL3.o
 .comment       0x000000000000005a       0x12 /var/folders/pr/dqyg2df11l5gpmmzgpnjwxtw0000gn/T//ccv60MQh.o
 .comment       0x000000000000006c       0x12 /var/folders/pr/dqyg2df11l5gpmmzgpnjwxtw0000gn/T//cckodaJ1.o
 .comment       0x000000000000007e       0x12 /var/folders/pr/dqyg2df11l5gpmmzgpnjwxtw0000gn/T//cckdYfA6.o
 .comment       0x0000000000000090       0x12 /var/folders/pr/dqyg2df11l5gpmmzgpnjwxtw0000gn/T//ccecr1yQ.o
 .comment       0x00000000000000a2       0x12 /var/folders/pr/dqyg2df11l5gpmmzgpnjwxtw0000gn/T//cc85RyLE.o
 .comment       0x00000000000000b4       0x12 /var/folders/pr/dqyg2df11l5gpmmzgpnjwxtw0000gn/T//ccFQYomC.o
