
Discarded input sections

 .eh_frame      0x0000000000000000       0x44 timer.o
 .eh_frame      0x0000000000000000       0x38 /var/folders/pr/dqyg2df11l5gpmmzgpnjwxtw0000gn/T//cccAYSdF.o
 .eh_frame      0x0000000000000000       0x5c /var/folders/pr/dqyg2df11l5gpmmzgpnjwxtw0000gn/T//cc6twoaK.o
 .eh_frame      0x0000000000000000       0x58 /var/folders/pr/dqyg2df11l5gpmmzgpnjwxtw0000gn/T//cc6bT2Wg.o
 .eh_frame      0x0000000000000000       0x38 /var/folders/pr/dqyg2df11l5gpmmzgpnjwxtw0000gn/T//ccXat1sK.o
 .eh_frame      0x0000000000000000       0x38 /var/folders/pr/dqyg2df11l5gpmmzgpnjwxtw0000gn/T//ccjEojjF.o
 .eh_frame      0x0000000000000000       0x98 /var/folders/pr/dqyg2df11l5gpmmzgpnjwxtw0000gn/T//ccTsjjy5.o
 .eh_frame      0x0000000000000000       0x38 /var/folders/pr/dqyg2df11l5gpmmzgpnjwxtw0000gn/T//ccEfD3Cx.o
 .eh_frame      0x0000000000000000       0x38 /var/folders/pr/dqyg2df11l5gpmmzgpnjwxtw0000gn/T//ccE6jzus.o
 .eh_frame      0x0000000000000000       0x38 /var/folders/pr/dqyg2df11l5gpmmzgpnjwxtw0000gn/T//ccHBVuSK.o
 .eh_frame      0x0000000000000000      0x264 /var/folders/pr/dqyg2df11l5gpmmzgpnjwxtw0000gn/T//ccYftMPs.o

Memory Configuration

Name             Origin             Length             Attributes
*default*        0x0000000000000000 0xffffffffffffffff

Linker script and memory map

LOAD timer.o
LOAD api_link.o
LOAD alloca.o
LOAD bmp.o
LOAD /var/folders/pr/dqyg2df11l5gpmmzgpnjwxtw0000gn/T//cccAYSdF.o
LOAD /var/folders/pr/dqyg2df11l5gpmmzgpnjwxtw0000gn/T//cc6twoaK.o
LOAD /var/folders/pr/dqyg2df11l5gpmmzgpnjwxtw0000gn/T//cc6bT2Wg.o
LOAD /var/folders/pr/dqyg2df11l5gpmmzgpnjwxtw0000gn/T//ccXat1sK.o
LOAD /var/folders/pr/dqyg2df11l5gpmmzgpnjwxtw0000gn/T//ccjEojjF.o
LOAD /var/folders/pr/dqyg2df11l5gpmmzgpnjwxtw0000gn/T//ccTsjjy5.o
LOAD /var/folders/pr/dqyg2df11l5gpmmzgpnjwxtw0000gn/T//ccEfD3Cx.o
LOAD /var/folders/pr/dqyg2df11l5gpmmzgpnjwxtw0000gn/T//ccE6jzus.o
LOAD /var/folders/pr/dqyg2df11l5gpmmzgpnjwxtw0000gn/T//ccHBVuSK.o
LOAD /var/folders/pr/dqyg2df11l5gpmmzgpnjwxtw0000gn/T//ccYftMPs.o

.head           0x0000000000000000       0x24
                0x0000000000000000        0x4 LONG 0x40000
                0x0000000000000004        0x4 LONG 0x69726148
                0x0000000000000008        0x4 LONG 0x0
                0x000000000000000c        0x4 LONG 0x400
                0x0000000000000010        0x4 LONG 0xf SIZEOF (.data)
                0x0000000000000014        0x4 LONG 0x263f LOADADDR (.data)
                0x0000000000000018        0x4 LONG 0xe9000000
                0x000000000000001c        0x4 LONG 0x10 (HariMain - 0x20)
                0x0000000000000020        0x4 LONG 0x6000

.text           0x0000000000000030     0x260f
 *(.text)
 .text          0x0000000000000030      0x11f timer.o
                0x0000000000000030                HariMain
 *fill*         0x000000000000014f        0x1 
 .text          0x0000000000000150      0x21b api_link.o
                0x0000000000000150                api_putchar
                0x000000000000015c                api_putstr
                0x000000000000016a                api_end
                0x0000000000000172                api_gen_window
                0x0000000000000194                api_putstr_window
                0x00000000000001bc                api_boxfill_window
                0x00000000000001e4                api_init_memman
                0x0000000000000205                api_malloc
                0x000000000000021a                api_mfree
                0x0000000000000233                api_point_window
                0x0000000000000251                api_refresh_window
                0x0000000000000273                api_drawline_window
                0x000000000000029b                api_close_window
                0x00000000000002a9                api_keyinput
                0x00000000000002b5                api_alloc_timer
                0x00000000000002bd                api_init_timer
                0x00000000000002cf                api_set_timer
                0x00000000000002e1                api_free_timer
                0x00000000000002ef                api_beep
                0x00000000000002fb                api_fopen
                0x0000000000000309                api_fclose
                0x0000000000000315                api_fseek
                0x000000000000032b                api_fsize
                0x000000000000033b                api_fread
                0x0000000000000351                api_get_command
                0x0000000000000363                api_check_langmode
 *fill*         0x000000000000036b        0x5 
 .text          0x0000000000000370        0x9 alloca.o
                0x0000000000000370                __alloca
 .text          0x0000000000000379      0x388 bmp.o
                0x0000000000000379                info_BMP
                0x000000000000043b                decode0_BMP
 .text          0x0000000000000701       0xa2 /var/folders/pr/dqyg2df11l5gpmmzgpnjwxtw0000gn/T//cccAYSdF.o
                0x0000000000000701                sprintf
 .text          0x00000000000007a3      0x13f /var/folders/pr/dqyg2df11l5gpmmzgpnjwxtw0000gn/T//cc6twoaK.o
                0x00000000000007a3                dec2asc
                0x000000000000085b                hex2asc
 .text          0x00000000000008e2       0x2a /var/folders/pr/dqyg2df11l5gpmmzgpnjwxtw0000gn/T//cc6bT2Wg.o
                0x00000000000008e2                min
                0x00000000000008f7                max
 .text          0x000000000000090c      0x10e /var/folders/pr/dqyg2df11l5gpmmzgpnjwxtw0000gn/T//ccXat1sK.o
                0x000000000000090c                printf
 .text          0x0000000000000a1a       0x1f /var/folders/pr/dqyg2df11l5gpmmzgpnjwxtw0000gn/T//ccjEojjF.o
                0x0000000000000a1a                putchar
 .text          0x0000000000000a39      0x249 /var/folders/pr/dqyg2df11l5gpmmzgpnjwxtw0000gn/T//ccTsjjy5.o
                0x0000000000000a39                strcmp
                0x0000000000000ad5                strncmp
                0x0000000000000b75                strlen
                0x0000000000000b9b                strtol
 .text          0x0000000000000c82       0x31 /var/folders/pr/dqyg2df11l5gpmmzgpnjwxtw0000gn/T//ccEfD3Cx.o
                0x0000000000000c82                malloc
 .text          0x0000000000000cb3       0x33 /var/folders/pr/dqyg2df11l5gpmmzgpnjwxtw0000gn/T//ccE6jzus.o
                0x0000000000000cb3                mfree
 .text          0x0000000000000ce6        0xe /var/folders/pr/dqyg2df11l5gpmmzgpnjwxtw0000gn/T//ccHBVuSK.o
                0x0000000000000ce6                exit
 .text          0x0000000000000cf4     0x194b /var/folders/pr/dqyg2df11l5gpmmzgpnjwxtw0000gn/T//ccYftMPs.o
                0x0000000000000cf4                info_JPEG
                0x0000000000000d82                decode0_JPEG
                0x0000000000000e0d                get_bits
                0x0000000000000f16                jpeg_sof
                0x0000000000001128                jpeg_dqt
                0x00000000000012dc                jpeg_dht
                0x0000000000001590                jpeg_init
                0x00000000000018dd                jpeg_decode_init
                0x0000000000001a0f                jpeg_huff_decode
                0x0000000000001aeb                jpeg_idct_init
                0x0000000000001cf7                jpeg_idct
                0x0000000000001ddc                jpeg_get_value
                0x0000000000001e45                jpeg_decode_huff
                0x0000000000002011                jpeg_mcu_bitblt
                0x00000000000020b1                jpeg_decode_mcu
                0x00000000000021eb                jpeg_decode_yuv
                0x000000000000244c                jpeg_decode

.data           0x0000000000000400        0xf load address 0x000000000000263f
 *(.data)
 .data          0x0000000000000400        0x0 timer.o
 .data          0x0000000000000400        0x0 /var/folders/pr/dqyg2df11l5gpmmzgpnjwxtw0000gn/T//cccAYSdF.o
 .data          0x0000000000000400        0x0 /var/folders/pr/dqyg2df11l5gpmmzgpnjwxtw0000gn/T//cc6twoaK.o
 .data          0x0000000000000400        0x0 /var/folders/pr/dqyg2df11l5gpmmzgpnjwxtw0000gn/T//cc6bT2Wg.o
 .data          0x0000000000000400        0x0 /var/folders/pr/dqyg2df11l5gpmmzgpnjwxtw0000gn/T//ccXat1sK.o
 .data          0x0000000000000400        0x0 /var/folders/pr/dqyg2df11l5gpmmzgpnjwxtw0000gn/T//ccjEojjF.o
 .data          0x0000000000000400        0x0 /var/folders/pr/dqyg2df11l5gpmmzgpnjwxtw0000gn/T//ccTsjjy5.o
 .data          0x0000000000000400        0x0 /var/folders/pr/dqyg2df11l5gpmmzgpnjwxtw0000gn/T//ccEfD3Cx.o
 .data          0x0000000000000400        0x0 /var/folders/pr/dqyg2df11l5gpmmzgpnjwxtw0000gn/T//ccE6jzus.o
 .data          0x0000000000000400        0x0 /var/folders/pr/dqyg2df11l5gpmmzgpnjwxtw0000gn/T//ccHBVuSK.o
 .data          0x0000000000000400        0x0 /var/folders/pr/dqyg2df11l5gpmmzgpnjwxtw0000gn/T//ccYftMPs.o
 *(.rodata*)
 .rodata        0x0000000000000400        0xf timer.o
 *(.bss)
 .bss           0x000000000000040f        0x0 timer.o
 .bss           0x000000000000040f        0x0 /var/folders/pr/dqyg2df11l5gpmmzgpnjwxtw0000gn/T//cccAYSdF.o
 .bss           0x000000000000040f        0x0 /var/folders/pr/dqyg2df11l5gpmmzgpnjwxtw0000gn/T//cc6twoaK.o
 .bss           0x000000000000040f        0x0 /var/folders/pr/dqyg2df11l5gpmmzgpnjwxtw0000gn/T//cc6bT2Wg.o
 .bss           0x000000000000040f        0x0 /var/folders/pr/dqyg2df11l5gpmmzgpnjwxtw0000gn/T//ccXat1sK.o
 .bss           0x000000000000040f        0x0 /var/folders/pr/dqyg2df11l5gpmmzgpnjwxtw0000gn/T//ccjEojjF.o
 .bss           0x000000000000040f        0x0 /var/folders/pr/dqyg2df11l5gpmmzgpnjwxtw0000gn/T//ccTsjjy5.o
 .bss           0x000000000000040f        0x0 /var/folders/pr/dqyg2df11l5gpmmzgpnjwxtw0000gn/T//ccEfD3Cx.o
 .bss           0x000000000000040f        0x0 /var/folders/pr/dqyg2df11l5gpmmzgpnjwxtw0000gn/T//ccE6jzus.o
 .bss           0x000000000000040f        0x0 /var/folders/pr/dqyg2df11l5gpmmzgpnjwxtw0000gn/T//ccHBVuSK.o
 .bss           0x000000000000040f        0x0 /var/folders/pr/dqyg2df11l5gpmmzgpnjwxtw0000gn/T//ccYftMPs.o

/DISCARD/
 *(.eh_frame)
OUTPUT(timer.hrb binary)

.comment        0x0000000000000000       0xc6
 .comment       0x0000000000000000       0x12 timer.o
 .comment       0x0000000000000012       0x12 /var/folders/pr/dqyg2df11l5gpmmzgpnjwxtw0000gn/T//cccAYSdF.o
 .comment       0x0000000000000024       0x12 /var/folders/pr/dqyg2df11l5gpmmzgpnjwxtw0000gn/T//cc6twoaK.o
 .comment       0x0000000000000036       0x12 /var/folders/pr/dqyg2df11l5gpmmzgpnjwxtw0000gn/T//cc6bT2Wg.o
 .comment       0x0000000000000048       0x12 /var/folders/pr/dqyg2df11l5gpmmzgpnjwxtw0000gn/T//ccXat1sK.o
 .comment       0x000000000000005a       0x12 /var/folders/pr/dqyg2df11l5gpmmzgpnjwxtw0000gn/T//ccjEojjF.o
 .comment       0x000000000000006c       0x12 /var/folders/pr/dqyg2df11l5gpmmzgpnjwxtw0000gn/T//ccTsjjy5.o
 .comment       0x000000000000007e       0x12 /var/folders/pr/dqyg2df11l5gpmmzgpnjwxtw0000gn/T//ccEfD3Cx.o
 .comment       0x0000000000000090       0x12 /var/folders/pr/dqyg2df11l5gpmmzgpnjwxtw0000gn/T//ccE6jzus.o
 .comment       0x00000000000000a2       0x12 /var/folders/pr/dqyg2df11l5gpmmzgpnjwxtw0000gn/T//ccHBVuSK.o
 .comment       0x00000000000000b4       0x12 /var/folders/pr/dqyg2df11l5gpmmzgpnjwxtw0000gn/T//ccYftMPs.o
