
Discarded input sections

 .eh_frame      0x0000000000000000       0x38 chklang.o
 .eh_frame      0x0000000000000000       0x38 /var/folders/pr/dqyg2df11l5gpmmzgpnjwxtw0000gn/T//ccFV82rL.o
 .eh_frame      0x0000000000000000       0x5c /var/folders/pr/dqyg2df11l5gpmmzgpnjwxtw0000gn/T//ccKXzfGN.o
 .eh_frame      0x0000000000000000       0x58 /var/folders/pr/dqyg2df11l5gpmmzgpnjwxtw0000gn/T//cc368sBG.o
 .eh_frame      0x0000000000000000       0x38 /var/folders/pr/dqyg2df11l5gpmmzgpnjwxtw0000gn/T//ccHLXfHx.o
 .eh_frame      0x0000000000000000       0x38 /var/folders/pr/dqyg2df11l5gpmmzgpnjwxtw0000gn/T//ccPbkrlk.o
 .eh_frame      0x0000000000000000       0x98 /var/folders/pr/dqyg2df11l5gpmmzgpnjwxtw0000gn/T//ccdDANNS.o
 .eh_frame      0x0000000000000000       0x38 /var/folders/pr/dqyg2df11l5gpmmzgpnjwxtw0000gn/T//cclrDkmh.o
 .eh_frame      0x0000000000000000       0x38 /var/folders/pr/dqyg2df11l5gpmmzgpnjwxtw0000gn/T//ccsUhTVF.o
 .eh_frame      0x0000000000000000       0x38 /var/folders/pr/dqyg2df11l5gpmmzgpnjwxtw0000gn/T//ccvkPM2g.o
 .eh_frame      0x0000000000000000      0x264 /var/folders/pr/dqyg2df11l5gpmmzgpnjwxtw0000gn/T//ccg6mAuv.o

Memory Configuration

Name             Origin             Length             Attributes
*default*        0x0000000000000000 0xffffffffffffffff

Linker script and memory map

LOAD chklang.o
LOAD api_link.o
LOAD alloca.o
LOAD bmp.o
LOAD /var/folders/pr/dqyg2df11l5gpmmzgpnjwxtw0000gn/T//ccFV82rL.o
LOAD /var/folders/pr/dqyg2df11l5gpmmzgpnjwxtw0000gn/T//ccKXzfGN.o
LOAD /var/folders/pr/dqyg2df11l5gpmmzgpnjwxtw0000gn/T//cc368sBG.o
LOAD /var/folders/pr/dqyg2df11l5gpmmzgpnjwxtw0000gn/T//ccHLXfHx.o
LOAD /var/folders/pr/dqyg2df11l5gpmmzgpnjwxtw0000gn/T//ccPbkrlk.o
LOAD /var/folders/pr/dqyg2df11l5gpmmzgpnjwxtw0000gn/T//ccdDANNS.o
LOAD /var/folders/pr/dqyg2df11l5gpmmzgpnjwxtw0000gn/T//cclrDkmh.o
LOAD /var/folders/pr/dqyg2df11l5gpmmzgpnjwxtw0000gn/T//ccsUhTVF.o
LOAD /var/folders/pr/dqyg2df11l5gpmmzgpnjwxtw0000gn/T//ccvkPM2g.o
LOAD /var/folders/pr/dqyg2df11l5gpmmzgpnjwxtw0000gn/T//ccg6mAuv.o

.head           0x0000000000000000       0x24
                0x0000000000000000        0x4 LONG 0x40000
                0x0000000000000004        0x4 LONG 0x69726148
                0x0000000000000008        0x4 LONG 0x0
                0x000000000000000c        0x4 LONG 0x5000
                0x0000000000000010        0x4 LONG 0x3b SIZEOF (.data)
                0x0000000000000014        0x4 LONG 0x258f LOADADDR (.data)
                0x0000000000000018        0x4 LONG 0xe9000000
                0x000000000000001c        0x4 LONG 0x10 (HariMain - 0x20)
                0x0000000000000020        0x4 LONG 0x6000

.text           0x0000000000000030     0x255f
 *(.text)
 .text          0x0000000000000030       0x69 chklang.o
                0x0000000000000030                HariMain
 *fill*         0x0000000000000099        0x7 
 .text          0x00000000000000a0      0x21b api_link.o
                0x00000000000000a0                api_putchar
                0x00000000000000ac                api_putstr
                0x00000000000000ba                api_end
                0x00000000000000c2                api_gen_window
                0x00000000000000e4                api_putstr_window
                0x000000000000010c                api_boxfill_window
                0x0000000000000134                api_init_memman
                0x0000000000000155                api_malloc
                0x000000000000016a                api_mfree
                0x0000000000000183                api_point_window
                0x00000000000001a1                api_refresh_window
                0x00000000000001c3                api_drawline_window
                0x00000000000001eb                api_close_window
                0x00000000000001f9                api_keyinput
                0x0000000000000205                api_alloc_timer
                0x000000000000020d                api_init_timer
                0x000000000000021f                api_set_timer
                0x0000000000000231                api_free_timer
                0x000000000000023f                api_beep
                0x000000000000024b                api_fopen
                0x0000000000000259                api_fclose
                0x0000000000000265                api_fseek
                0x000000000000027b                api_fsize
                0x000000000000028b                api_fread
                0x00000000000002a1                api_get_command
                0x00000000000002b3                api_check_langmode
 *fill*         0x00000000000002bb        0x5 
 .text          0x00000000000002c0        0x9 alloca.o
                0x00000000000002c0                __alloca
 .text          0x00000000000002c9      0x388 bmp.o
                0x00000000000002c9                info_BMP
                0x000000000000038b                decode0_BMP
 .text          0x0000000000000651       0xa2 /var/folders/pr/dqyg2df11l5gpmmzgpnjwxtw0000gn/T//ccFV82rL.o
                0x0000000000000651                sprintf
 .text          0x00000000000006f3      0x13f /var/folders/pr/dqyg2df11l5gpmmzgpnjwxtw0000gn/T//ccKXzfGN.o
                0x00000000000006f3                dec2asc
                0x00000000000007ab                hex2asc
 .text          0x0000000000000832       0x2a /var/folders/pr/dqyg2df11l5gpmmzgpnjwxtw0000gn/T//cc368sBG.o
                0x0000000000000832                min
                0x0000000000000847                max
 .text          0x000000000000085c      0x10e /var/folders/pr/dqyg2df11l5gpmmzgpnjwxtw0000gn/T//ccHLXfHx.o
                0x000000000000085c                printf
 .text          0x000000000000096a       0x1f /var/folders/pr/dqyg2df11l5gpmmzgpnjwxtw0000gn/T//ccPbkrlk.o
                0x000000000000096a                putchar
 .text          0x0000000000000989      0x249 /var/folders/pr/dqyg2df11l5gpmmzgpnjwxtw0000gn/T//ccdDANNS.o
                0x0000000000000989                strcmp
                0x0000000000000a25                strncmp
                0x0000000000000ac5                strlen
                0x0000000000000aeb                strtol
 .text          0x0000000000000bd2       0x31 /var/folders/pr/dqyg2df11l5gpmmzgpnjwxtw0000gn/T//cclrDkmh.o
                0x0000000000000bd2                malloc
 .text          0x0000000000000c03       0x33 /var/folders/pr/dqyg2df11l5gpmmzgpnjwxtw0000gn/T//ccsUhTVF.o
                0x0000000000000c03                mfree
 .text          0x0000000000000c36        0xe /var/folders/pr/dqyg2df11l5gpmmzgpnjwxtw0000gn/T//ccvkPM2g.o
                0x0000000000000c36                exit
 .text          0x0000000000000c44     0x194b /var/folders/pr/dqyg2df11l5gpmmzgpnjwxtw0000gn/T//ccg6mAuv.o
                0x0000000000000c44                info_JPEG
                0x0000000000000cd2                decode0_JPEG
                0x0000000000000d5d                get_bits
                0x0000000000000e66                jpeg_sof
                0x0000000000001078                jpeg_dqt
                0x000000000000122c                jpeg_dht
                0x00000000000014e0                jpeg_init
                0x000000000000182d                jpeg_decode_init
                0x000000000000195f                jpeg_huff_decode
                0x0000000000001a3b                jpeg_idct_init
                0x0000000000001c47                jpeg_idct
                0x0000000000001d2c                jpeg_get_value
                0x0000000000001d95                jpeg_decode_huff
                0x0000000000001f61                jpeg_mcu_bitblt
                0x0000000000002001                jpeg_decode_mcu
                0x000000000000213b                jpeg_decode_yuv
                0x000000000000239c                jpeg_decode

.data           0x0000000000005000       0x3b load address 0x000000000000258f
 *(.data)
 .data          0x0000000000005000       0x29 chklang.o
 .data          0x0000000000005029        0x0 /var/folders/pr/dqyg2df11l5gpmmzgpnjwxtw0000gn/T//ccFV82rL.o
 .data          0x0000000000005029        0x0 /var/folders/pr/dqyg2df11l5gpmmzgpnjwxtw0000gn/T//ccKXzfGN.o
 .data          0x0000000000005029        0x0 /var/folders/pr/dqyg2df11l5gpmmzgpnjwxtw0000gn/T//cc368sBG.o
 .data          0x0000000000005029        0x0 /var/folders/pr/dqyg2df11l5gpmmzgpnjwxtw0000gn/T//ccHLXfHx.o
 .data          0x0000000000005029        0x0 /var/folders/pr/dqyg2df11l5gpmmzgpnjwxtw0000gn/T//ccPbkrlk.o
 .data          0x0000000000005029        0x0 /var/folders/pr/dqyg2df11l5gpmmzgpnjwxtw0000gn/T//ccdDANNS.o
 .data          0x0000000000005029        0x0 /var/folders/pr/dqyg2df11l5gpmmzgpnjwxtw0000gn/T//cclrDkmh.o
 .data          0x0000000000005029        0x0 /var/folders/pr/dqyg2df11l5gpmmzgpnjwxtw0000gn/T//ccsUhTVF.o
 .data          0x0000000000005029        0x0 /var/folders/pr/dqyg2df11l5gpmmzgpnjwxtw0000gn/T//ccvkPM2g.o
 .data          0x0000000000005029        0x0 /var/folders/pr/dqyg2df11l5gpmmzgpnjwxtw0000gn/T//ccg6mAuv.o
 *(.rodata*)
 .rodata        0x0000000000005029       0x12 chklang.o
 *(.bss)
 .bss           0x000000000000503b        0x0 chklang.o
 .bss           0x000000000000503b        0x0 /var/folders/pr/dqyg2df11l5gpmmzgpnjwxtw0000gn/T//ccFV82rL.o
 .bss           0x000000000000503b        0x0 /var/folders/pr/dqyg2df11l5gpmmzgpnjwxtw0000gn/T//ccKXzfGN.o
 .bss           0x000000000000503b        0x0 /var/folders/pr/dqyg2df11l5gpmmzgpnjwxtw0000gn/T//cc368sBG.o
 .bss           0x000000000000503b        0x0 /var/folders/pr/dqyg2df11l5gpmmzgpnjwxtw0000gn/T//ccHLXfHx.o
 .bss           0x000000000000503b        0x0 /var/folders/pr/dqyg2df11l5gpmmzgpnjwxtw0000gn/T//ccPbkrlk.o
 .bss           0x000000000000503b        0x0 /var/folders/pr/dqyg2df11l5gpmmzgpnjwxtw0000gn/T//ccdDANNS.o
 .bss           0x000000000000503b        0x0 /var/folders/pr/dqyg2df11l5gpmmzgpnjwxtw0000gn/T//cclrDkmh.o
 .bss           0x000000000000503b        0x0 /var/folders/pr/dqyg2df11l5gpmmzgpnjwxtw0000gn/T//ccsUhTVF.o
 .bss           0x000000000000503b        0x0 /var/folders/pr/dqyg2df11l5gpmmzgpnjwxtw0000gn/T//ccvkPM2g.o
 .bss           0x000000000000503b        0x0 /var/folders/pr/dqyg2df11l5gpmmzgpnjwxtw0000gn/T//ccg6mAuv.o

/DISCARD/
 *(.eh_frame)
OUTPUT(chklang.hrb binary)

.comment        0x0000000000000000       0xc6
 .comment       0x0000000000000000       0x12 chklang.o
 .comment       0x0000000000000012       0x12 /var/folders/pr/dqyg2df11l5gpmmzgpnjwxtw0000gn/T//ccFV82rL.o
 .comment       0x0000000000000024       0x12 /var/folders/pr/dqyg2df11l5gpmmzgpnjwxtw0000gn/T//ccKXzfGN.o
 .comment       0x0000000000000036       0x12 /var/folders/pr/dqyg2df11l5gpmmzgpnjwxtw0000gn/T//cc368sBG.o
 .comment       0x0000000000000048       0x12 /var/folders/pr/dqyg2df11l5gpmmzgpnjwxtw0000gn/T//ccHLXfHx.o
 .comment       0x000000000000005a       0x12 /var/folders/pr/dqyg2df11l5gpmmzgpnjwxtw0000gn/T//ccPbkrlk.o
 .comment       0x000000000000006c       0x12 /var/folders/pr/dqyg2df11l5gpmmzgpnjwxtw0000gn/T//ccdDANNS.o
 .comment       0x000000000000007e       0x12 /var/folders/pr/dqyg2df11l5gpmmzgpnjwxtw0000gn/T//cclrDkmh.o
 .comment       0x0000000000000090       0x12 /var/folders/pr/dqyg2df11l5gpmmzgpnjwxtw0000gn/T//ccsUhTVF.o
 .comment       0x00000000000000a2       0x12 /var/folders/pr/dqyg2df11l5gpmmzgpnjwxtw0000gn/T//ccvkPM2g.o
 .comment       0x00000000000000b4       0x12 /var/folders/pr/dqyg2df11l5gpmmzgpnjwxtw0000gn/T//ccg6mAuv.o
